Copyright 1986-2019 Xilinx, Inc. All Rights Reserved.
------------------------------------------------------------------------------------
| Tool Version : Vivado v.2019.2 (win64) Build 2708876 Wed Nov  6 21:40:23 MST 2019
| Date         : Tue Dec  8 13:53:50 2020
| Host         : Ragnorak running 64-bit major release  (build 9200)
| Command      : report_clock_utilization -file rvfpga_clock_utilization_routed.rpt
| Design       : rvfpga
| Device       : 7a100t-csg324
| Speed File   : -1  PRODUCTION 1.23 2018-06-13
| Design State : Routed
------------------------------------------------------------------------------------

Clock Utilization Report

Table of Contents
-----------------
1. Clock Primitive Utilization
2. Global Clock Resources
3. Global Clock Source Details
4. Clock Regions: Key Resource Utilization
5. Clock Regions : Global Clock Summary
6. Device Cell Placement Summary for Global Clock g0
7. Device Cell Placement Summary for Global Clock g1
8. Device Cell Placement Summary for Global Clock g2
9. Device Cell Placement Summary for Global Clock g3
10. Device Cell Placement Summary for Global Clock g4
11. Device Cell Placement Summary for Global Clock g5
12. Device Cell Placement Summary for Global Clock g6
13. Device Cell Placement Summary for Global Clock g7
14. Device Cell Placement Summary for Global Clock g8
15. Device Cell Placement Summary for Global Clock g9
16. Device Cell Placement Summary for Global Clock g10
17. Device Cell Placement Summary for Global Clock g11
18. Device Cell Placement Summary for Global Clock g12
19. Device Cell Placement Summary for Global Clock g13
20. Clock Region Cell Placement per Global Clock: Region X0Y0
21. Clock Region Cell Placement per Global Clock: Region X1Y0
22. Clock Region Cell Placement per Global Clock: Region X0Y1
23. Clock Region Cell Placement per Global Clock: Region X1Y1
24. Clock Region Cell Placement per Global Clock: Region X0Y2
25. Clock Region Cell Placement per Global Clock: Region X1Y2
26. Clock Region Cell Placement per Global Clock: Region X1Y3

1. Clock Primitive Utilization
------------------------------

+----------+------+-----------+-----+--------------+--------+
| Type     | Used | Available | LOC | Clock Region | Pblock |
+----------+------+-----------+-----+--------------+--------+
| BUFGCTRL |   14 |        32 |   0 |            0 |      0 |
| BUFH     |    0 |        96 |   0 |            0 |      0 |
| BUFIO    |    0 |        24 |   0 |            0 |      0 |
| BUFMR    |    0 |        12 |   0 |            0 |      0 |
| BUFR     |    0 |        24 |   0 |            0 |      0 |
| MMCM     |    1 |         6 |   0 |            0 |      0 |
| PLL      |    3 |         6 |   0 |            0 |      0 |
+----------+------+-----------+-----+--------------+--------+


2. Global Clock Resources
-------------------------

+-----------+-----------+-----------------+------------+----------------+--------------+-------------------+-------------+-----------------+--------------+--------------------+----------------------------------+-------------------------------------------+
| Global Id | Source Id | Driver Type/Pin | Constraint | Site           | Clock Region | Load Clock Region | Clock Loads | Non-Clock Loads | Clock Period | Clock              | Driver Pin                       | Net                                       |
+-----------+-----------+-----------------+------------+----------------+--------------+-------------------+-------------+-----------------+--------------+--------------------+----------------------------------+-------------------------------------------+
| g0        | src0      | BUFG/O          | None       | BUFGCTRL_X0Y3  | n/a          |                 6 |       15958 |               0 |       20.000 | clk_core           | clk_core_BUFG_inst/O             | clk_core_BUFG                             |
| g1        | src1      | BUFG/O          | None       | BUFGCTRL_X0Y0  | n/a          |                 4 |        2637 |               0 |       10.000 | soc_s7pll0_clkout0 | ddr2/ldc/BUFG/O                  | ddr2/ldc/clk_0                            |
| g2        | src2      | BUFG/O          | None       | BUFGCTRL_X0Y17 | n/a          |                 3 |         352 |               0 |       13.333 | clk_75_clk_wiz_0   | clock_divider/inst/clkout1_buf/O | clock_divider/inst/clk_75                 |
| g3        | src3      | BUFG/O          | None       | BUFGCTRL_X0Y4  | n/a          |                 2 |          82 |               0 |      100.000 | tck_dtmcs          | dtmcs_reg[33]_i_3/O              | dtmcs_tck                                 |
| g4        | src4      | BUFG/O          | None       | BUFGCTRL_X0Y5  | n/a          |                 3 |          78 |               0 |       20.000 | clk_core           | dout_reg[31]_i_2__2/O            | swerv_eh1/swerv/lsu/lsu_dccm_c1_dc3_clk   |
| g5        | src1      | BUFG/O          | None       | BUFGCTRL_X0Y1  | n/a          |                 1 |          73 |               0 |        5.000 | soc_s7pll0_clkout1 | ddr2/ldc/BUFG_1/O                | ddr2/ldc/clk_1                            |
| g6        | src5      | BUFG/O          | None       | BUFGCTRL_X0Y6  | n/a          |                 3 |          59 |               0 |       20.000 | clk_core           | dout_reg[31]_i_2__3/O            | swerv_eh1/swerv/lsu/lsu_free_c2_clk       |
| g7        | src6      | BUFG/O          | None       | BUFGCTRL_X0Y7  | n/a          |                 1 |          32 |               0 |       20.000 | clk_core           | dout_reg[1]_i_2__1/O             | swerv_eh1/swerv/ifu/bp/bht_bank_clk[1]_0  |
| g8        | src7      | BUFG/O          | None       | BUFGCTRL_X0Y8  | n/a          |                 1 |          32 |               0 |       20.000 | clk_core           | dout_reg[1]_i_2__2/O             | swerv_eh1/swerv/ifu/bp/bht_bank_clk[2]_0  |
| g9        | src8      | BUFG/O          | None       | BUFGCTRL_X0Y9  | n/a          |                 1 |          32 |               0 |       20.000 | clk_core           | dout_reg[1]_i_2__3/O             | swerv_eh1/swerv/ifu/bp/bht_bank_clk[3]_0  |
| g10       | src9      | BUFG/O          | None       | BUFGCTRL_X0Y10 | n/a          |                 1 |          32 |               0 |       20.000 | clk_core           | dout_reg[1]_i_2__4/O             | swerv_eh1/swerv/ifu/bp/p_51_in            |
| g11       | src10     | BUFG/O          | None       | BUFGCTRL_X0Y16 | n/a          |                 1 |           8 |               0 |        5.000 | soc_s7pll1_clkout  | ddr2/ldc/BUFG_3/O                | ddr2/ldc/iodelay_clk                      |
| g12       | src1      | BUFG/O          | None       | BUFGCTRL_X0Y2  | n/a          |                 1 |           2 |               0 |        5.000 | soc_s7pll0_clkout2 | ddr2/ldc/BUFG_2/O                | ddr2/ldc/sys2x_dqs_clk                    |
| g13       | src2      | BUFG/O          | None       | BUFGCTRL_X0Y18 | n/a          |                 1 |           1 |               0 |       40.000 | clkfbout_clk_wiz_0 | clock_divider/inst/clkf_buf/O    | clock_divider/inst/clkfbout_buf_clk_wiz_0 |
+-----------+-----------+-----------------+------------+----------------+--------------+-------------------+-------------+-----------------+--------------+--------------------+----------------------------------+-------------------------------------------+
* Clock Loads column represents the clock pin loads (pin count)
** Non-Clock Loads column represents the non-clock pin loads (pin count)


3. Global Clock Source Details
------------------------------

+-----------+-----------+---------------------+------------+-----------------+--------------+-------------+-----------------+---------------------+--------------------+-------------------------------------------+---------------------------------------+
| Source Id | Global Id | Driver Type/Pin     | Constraint | Site            | Clock Region | Clock Loads | Non-Clock Loads | Source Clock Period | Source Clock       | Driver Pin                                | Net                                   |
+-----------+-----------+---------------------+------------+-----------------+--------------+-------------+-----------------+---------------------+--------------------+-------------------------------------------+---------------------------------------+
| src0      | g0        | PLLE2_ADV/CLKOUT0   | None       | PLLE2_ADV_X0Y1  | X0Y1         |           1 |              52 |              20.000 | clk_core           | clk_gen/PLLE2_BASE_inst/CLKOUT0           | clk_gen/clk_core                      |
| src1      | g1        | PLLE2_ADV/CLKOUT0   | None       | PLLE2_ADV_X1Y1  | X1Y1         |           1 |               0 |              10.000 | soc_s7pll0_clkout0 | ddr2/ldc/PLLE2_ADV/CLKOUT0                | ddr2/ldc/soc_s7pll0_clkout0           |
| src1      | g5        | PLLE2_ADV/CLKOUT1   | None       | PLLE2_ADV_X1Y1  | X1Y1         |           1 |               0 |               5.000 | soc_s7pll0_clkout1 | ddr2/ldc/PLLE2_ADV/CLKOUT1                | ddr2/ldc/soc_s7pll0_clkout1           |
| src1      | g12       | PLLE2_ADV/CLKOUT2   | None       | PLLE2_ADV_X1Y1  | X1Y1         |           1 |               0 |               5.000 | soc_s7pll0_clkout2 | ddr2/ldc/PLLE2_ADV/CLKOUT2                | ddr2/ldc/soc_s7pll0_clkout2           |
| src2      | g2        | MMCME2_ADV/CLKOUT0  | None       | MMCME2_ADV_X1Y2 | X1Y2         |           1 |               0 |              13.333 | clk_75_clk_wiz_0   | clock_divider/inst/mmcm_adv_inst/CLKOUT0  | clock_divider/inst/clk_75_clk_wiz_0   |
| src2      | g13       | MMCME2_ADV/CLKFBOUT | None       | MMCME2_ADV_X1Y2 | X1Y2         |           1 |               0 |              40.000 | clkfbout_clk_wiz_0 | clock_divider/inst/mmcm_adv_inst/CLKFBOUT | clock_divider/inst/clkfbout_clk_wiz_0 |
| src3      | g3        | BSCANE2/TCK         | None       | BSCAN_X0Y2      | X0Y1         |           1 |               0 |             100.000 | tck_dtmcs          | tap/tap_dtmcs/TCK                         | tap/dtmcs_reg[0]_0                    |
| src4      | g4        | LUT2/O              | None       | SLICE_X50Y96    | X0Y1         |           1 |               0 |              20.000 | clk_core           | clk_gen/dout[31]_i_5__52/O                | clk_gen/FDPE_1                        |
| src5      | g6        | LUT2/O              | None       | SLICE_X50Y96    | X0Y1         |           1 |               0 |              20.000 | clk_core           | clk_gen/dout[31]_i_9__20/O                | clk_gen/FDPE_1_0                      |
| src6      | g7        | LUT2/O              | None       | SLICE_X50Y96    | X0Y1         |           1 |               0 |              20.000 | clk_core           | clk_gen/dout[1]_i_6__52/O                 | clk_gen/FDPE_1_2                      |
| src7      | g8        | LUT2/O              | None       | SLICE_X51Y96    | X0Y1         |           1 |               0 |              20.000 | clk_core           | clk_gen/dout[1]_i_5__62/O                 | clk_gen/FDPE_1_3                      |
| src8      | g9        | LUT2/O              | None       | SLICE_X51Y96    | X0Y1         |           1 |               0 |              20.000 | clk_core           | clk_gen/dout[1]_i_6__53/O                 | clk_gen/FDPE_1_4                      |
| src9      | g10       | LUT2/O              | None       | SLICE_X50Y96    | X0Y1         |           1 |               0 |              20.000 | clk_core           | clk_gen/dout[1]_i_6__51/O                 | clk_gen/FDPE_1_1                      |
| src10     | g11       | PLLE2_ADV/CLKOUT0   | None       | PLLE2_ADV_X1Y2  | X1Y2         |           1 |               0 |               5.000 | soc_s7pll1_clkout  | ddr2/ldc/PLLE2_ADV_1/CLKOUT0              | ddr2/ldc/soc_s7pll1_clkout            |
+-----------+-----------+---------------------+------------+-----------------+--------------+-------------+-----------------+---------------------+--------------------+-------------------------------------------+---------------------------------------+
* Clock Loads column represents the clock pin loads (pin count)
** Non-Clock Loads column represents the non-clock pin loads (pin count)


4. Clock Regions: Key Resource Utilization
------------------------------------------

+-------------------+--------------+--------------+--------------+--------------+--------------+--------------+--------------+--------------+--------------+--------------+--------------+--------------+--------------+--------------+--------------+
|                   | Global Clock |     BUFRs    |    BUFMRs    |    BUFIOs    |     MMCM     |      PLL     |      GT      |      PCI     |    ILOGIC    |    OLOGIC    |      FF      |     LUTM     |    RAMB18    |    RAMB36    |    DSP48E2   |
+-------------------+------+-------+------+-------+------+-------+------+-------+------+-------+------+-------+------+-------+------+-------+------+-------+------+-------+------+-------+------+-------+------+-------+------+-------+------+-------+
| Clock Region Name | Used | Avail | Used | Avail | Used | Avail | Used | Avail | Used | Avail | Used | Avail | Used | Avail | Used | Avail | Used | Avail | Used | Avail | Used | Avail | Used | Avail | Used | Avail | Used | Avail | Used | Avail |
+-------------------+------+-------+------+-------+------+-------+------+-------+------+-------+------+-------+------+-------+------+-------+------+-------+------+-------+------+-------+------+-------+------+-------+------+-------+------+-------+
| X0Y0              |    7 |    12 |    0 |     4 |    0 |     2 |    0 |     4 |    0 |     1 |    0 |     1 |    0 |     0 |    0 |     0 |    0 |    50 |    0 |    50 | 4519 |  2600 | 1073 |   600 |    8 |    20 |    0 |    10 |    0 |    20 |
| X1Y0              |    4 |    12 |    0 |     0 |    0 |     0 |    0 |     0 |    0 |     0 |    0 |     0 |    0 |     4 |    0 |     0 |    0 |     0 |    0 |     0 | 3827 |  1500 | 1342 |   550 |    0 |    40 |   11 |    20 |    0 |    40 |
| X0Y1              |    4 |    12 |    0 |     4 |    0 |     2 |    0 |     4 |    0 |     1 |    1 |     1 |    0 |     0 |    0 |     0 |    0 |    50 |    0 |    50 | 4493 |  2000 | 1343 |   600 |    0 |    20 |    0 |    10 |    0 |    20 |
| X1Y1              |    8 |    12 |    0 |     4 |    0 |     2 |    0 |     4 |    0 |     1 |    0 |     1 |    0 |     0 |    0 |     0 |   16 |    50 |   43 |    50 | 2911 |  1900 | 1071 |   650 |    0 |    60 |    0 |    30 |    0 |    40 |
| X0Y2              |    2 |    12 |    0 |     4 |    0 |     2 |    0 |     4 |    0 |     1 |    0 |     1 |    0 |     0 |    0 |     0 |    0 |    50 |    0 |    50 | 1116 |  2000 |  304 |   600 |    0 |    20 |    0 |    10 |    0 |    20 |
| X1Y2              |    3 |    12 |    0 |     4 |    0 |     2 |    0 |     4 |    1 |     1 |    0 |     1 |    0 |     0 |    0 |     0 |    0 |    50 |    0 |    50 | 2141 |  1900 |  692 |   650 |    0 |    60 |   23 |    30 |    3 |    40 |
| X0Y3              |    0 |    12 |    0 |     4 |    0 |     2 |    0 |     4 |    0 |     1 |    0 |     1 |    0 |     0 |    0 |     0 |    0 |    50 |    0 |    50 |    0 |  2600 |    0 |   600 |    0 |    20 |    0 |    10 |    0 |    20 |
| X1Y3              |    1 |    12 |    0 |     0 |    0 |     0 |    0 |     0 |    0 |     0 |    0 |     0 |    0 |     4 |    0 |     1 |    0 |     0 |    0 |     0 |    0 |  1350 |    0 |   500 |    0 |    30 |    5 |    15 |    0 |    40 |
+-------------------+------+-------+------+-------+------+-------+------+-------+------+-------+------+-------+------+-------+------+-------+------+-------+------+-------+------+-------+------+-------+------+-------+------+-------+------+-------+
* Global Clock column represents track count; while other columns represents cell counts


5. Clock Regions : Global Clock Summary
---------------------------------------

All Modules
+----+----+----+
|    | X0 | X1 |
+----+----+----+
| Y3 |  0 |  1 |
| Y2 |  2 |  3 |
| Y1 |  4 |  8 |
| Y0 |  7 |  4 |
+----+----+----+


6. Device Cell Placement Summary for Global Clock g0
----------------------------------------------------

+-----------+-----------------+-------------------+----------+-------------+----------------+-------------+----------+----------------+----------+---------------+
| Global Id | Driver Type/Pin | Driver Region (D) | Clock    | Period (ns) | Waveform (ns)  | Slice Loads | IO Loads | Clocking Loads | GT Loads | Net           |
+-----------+-----------------+-------------------+----------+-------------+----------------+-------------+----------+----------------+----------+---------------+
| g0        | BUFG/O          | n/a               | clk_core |      20.000 | {0.000 10.000} |       15929 |        0 |              0 |        0 | clk_core_BUFG |
+-----------+-----------------+-------------------+----------+-------------+----------------+-------------+----------+----------------+----------+---------------+
* Slice Loads column represents load cell count of all cell types other than IO, GT and clock resources
** IO Loads column represents load cell count of IO types
*** Clocking Loads column represents load cell count that are clock resources (global clock buffer, MMCM, PLL, etc)
**** GT Loads column represents load cell count of GT types


+----+-------+-------+
|    | X0    | X1    |
+----+-------+-------+
| Y3 |     0 |     0 |
| Y2 |  1082 |  1888 |
| Y1 |  4503 |  2495 |
| Y0 |  4374 |  1587 |
+----+-------+-------+


7. Device Cell Placement Summary for Global Clock g1
----------------------------------------------------

+-----------+-----------------+-------------------+--------------------+-------------+---------------+-------------+----------+----------------+----------+----------------+
| Global Id | Driver Type/Pin | Driver Region (D) | Clock              | Period (ns) | Waveform (ns) | Slice Loads | IO Loads | Clocking Loads | GT Loads | Net            |
+-----------+-----------------+-------------------+--------------------+-------------+---------------+-------------+----------+----------------+----------+----------------+
| g1        | BUFG/O          | n/a               | soc_s7pll0_clkout0 |      10.000 | {0.000 5.000} |        2534 |       59 |              1 |        0 | ddr2/ldc/clk_0 |
+-----------+-----------------+-------------------+--------------------+-------------+---------------+-------------+----------+----------------+----------+----------------+
* Slice Loads column represents load cell count of all cell types other than IO, GT and clock resources
** IO Loads column represents load cell count of IO types
*** Clocking Loads column represents load cell count that are clock resources (global clock buffer, MMCM, PLL, etc)
**** GT Loads column represents load cell count of GT types


+----+-----+-------+
|    | X0  | X1    |
+----+-----+-------+
| Y3 |   0 |     0 |
| Y2 |   0 |     0 |
| Y1 |   1 |   380 |
| Y0 |  43 |  2170 |
+----+-----+-------+


8. Device Cell Placement Summary for Global Clock g2
----------------------------------------------------

+-----------+-----------------+-------------------+------------------+-------------+---------------+-------------+----------+----------------+----------+---------------------------+
| Global Id | Driver Type/Pin | Driver Region (D) | Clock            | Period (ns) | Waveform (ns) | Slice Loads | IO Loads | Clocking Loads | GT Loads | Net                       |
+-----------+-----------------+-------------------+------------------+-------------+---------------+-------------+----------+----------------+----------+---------------------------+
| g2        | BUFG/O          | n/a               | clk_75_clk_wiz_0 |      13.333 | {0.000 6.667} |         319 |        0 |              0 |        0 | clock_divider/inst/clk_75 |
+-----------+-----------------+-------------------+------------------+-------------+---------------+-------------+----------+----------------+----------+---------------------------+
* Slice Loads column represents load cell count of all cell types other than IO, GT and clock resources
** IO Loads column represents load cell count of IO types
*** Clocking Loads column represents load cell count that are clock resources (global clock buffer, MMCM, PLL, etc)
**** GT Loads column represents load cell count of GT types


+----+-----+------+
|    | X0  | X1   |
+----+-----+------+
| Y3 |   0 |    5 |
| Y2 |  34 |  280 |
| Y1 |   0 |    0 |
| Y0 |   0 |    0 |
+----+-----+------+


9. Device Cell Placement Summary for Global Clock g3
----------------------------------------------------

+-----------+-----------------+-------------------+-----------+-------------+----------------+-------------+----------+----------------+----------+-----------+
| Global Id | Driver Type/Pin | Driver Region (D) | Clock     | Period (ns) | Waveform (ns)  | Slice Loads | IO Loads | Clocking Loads | GT Loads | Net       |
+-----------+-----------------+-------------------+-----------+-------------+----------------+-------------+----------+----------------+----------+-----------+
| g3        | BUFG/O          | n/a               | tck_dtmcs |     100.000 | {0.000 50.000} |          82 |        0 |              0 |        0 | dtmcs_tck |
+-----------+-----------------+-------------------+-----------+-------------+----------------+-------------+----------+----------------+----------+-----------+
* Slice Loads column represents load cell count of all cell types other than IO, GT and clock resources
** IO Loads column represents load cell count of IO types
*** Clocking Loads column represents load cell count that are clock resources (global clock buffer, MMCM, PLL, etc)
**** GT Loads column represents load cell count of GT types


+----+----+-----+
|    | X0 | X1  |
+----+----+-----+
| Y3 |  0 |   0 |
| Y2 |  0 |   0 |
| Y1 |  0 |   4 |
| Y0 |  0 |  78 |
+----+----+-----+


10. Device Cell Placement Summary for Global Clock g4
-----------------------------------------------------

+-----------+-----------------+-------------------+----------+-------------+----------------+-------------+----------+----------------+----------+-----------------------------------------+
| Global Id | Driver Type/Pin | Driver Region (D) | Clock    | Period (ns) | Waveform (ns)  | Slice Loads | IO Loads | Clocking Loads | GT Loads | Net                                     |
+-----------+-----------------+-------------------+----------+-------------+----------------+-------------+----------+----------------+----------+-----------------------------------------+
| g4        | BUFG/O          | n/a               | clk_core |      20.000 | {0.000 10.000} |          78 |        0 |              0 |        0 | swerv_eh1/swerv/lsu/lsu_dccm_c1_dc3_clk |
+-----------+-----------------+-------------------+----------+-------------+----------------+-------------+----------+----------------+----------+-----------------------------------------+
* Slice Loads column represents load cell count of all cell types other than IO, GT and clock resources
** IO Loads column represents load cell count of IO types
*** Clocking Loads column represents load cell count that are clock resources (global clock buffer, MMCM, PLL, etc)
**** GT Loads column represents load cell count of GT types


+----+----+-----+
|    | X0 | X1  |
+----+----+-----+
| Y3 |  0 |   0 |
| Y2 |  0 |   0 |
| Y1 |  9 |  61 |
| Y0 |  0 |   8 |
+----+----+-----+


11. Device Cell Placement Summary for Global Clock g5
-----------------------------------------------------

+-----------+-----------------+-------------------+--------------------+-------------+---------------+-------------+----------+----------------+----------+----------------+
| Global Id | Driver Type/Pin | Driver Region (D) | Clock              | Period (ns) | Waveform (ns) | Slice Loads | IO Loads | Clocking Loads | GT Loads | Net            |
+-----------+-----------------+-------------------+--------------------+-------------+---------------+-------------+----------+----------------+----------+----------------+
| g5        | BUFG/O          | n/a               | soc_s7pll0_clkout1 |       5.000 | {0.000 2.500} |           0 |       57 |              0 |        0 | ddr2/ldc/clk_1 |
+-----------+-----------------+-------------------+--------------------+-------------+---------------+-------------+----------+----------------+----------+----------------+
* Slice Loads column represents load cell count of all cell types other than IO, GT and clock resources
** IO Loads column represents load cell count of IO types
*** Clocking Loads column represents load cell count that are clock resources (global clock buffer, MMCM, PLL, etc)
**** GT Loads column represents load cell count of GT types


+----+----+-----+
|    | X0 | X1  |
+----+----+-----+
| Y3 |  0 |   0 |
| Y2 |  0 |   0 |
| Y1 |  0 |  57 |
| Y0 |  0 |   0 |
+----+----+-----+


12. Device Cell Placement Summary for Global Clock g6
-----------------------------------------------------

+-----------+-----------------+-------------------+----------+-------------+----------------+-------------+----------+----------------+----------+-------------------------------------+
| Global Id | Driver Type/Pin | Driver Region (D) | Clock    | Period (ns) | Waveform (ns)  | Slice Loads | IO Loads | Clocking Loads | GT Loads | Net                                 |
+-----------+-----------------+-------------------+----------+-------------+----------------+-------------+----------+----------------+----------+-------------------------------------+
| g6        | BUFG/O          | n/a               | clk_core |      20.000 | {0.000 10.000} |          59 |        0 |              0 |        0 | swerv_eh1/swerv/lsu/lsu_free_c2_clk |
+-----------+-----------------+-------------------+----------+-------------+----------------+-------------+----------+----------------+----------+-------------------------------------+
* Slice Loads column represents load cell count of all cell types other than IO, GT and clock resources
** IO Loads column represents load cell count of IO types
*** Clocking Loads column represents load cell count that are clock resources (global clock buffer, MMCM, PLL, etc)
**** GT Loads column represents load cell count of GT types


+----+-----+-----+
|    | X0  | X1  |
+----+-----+-----+
| Y3 |   0 |   0 |
| Y2 |   0 |   0 |
| Y1 |   4 |  39 |
| Y0 |  16 |   0 |
+----+-----+-----+


13. Device Cell Placement Summary for Global Clock g7
-----------------------------------------------------

+-----------+-----------------+-------------------+----------+-------------+----------------+-------------+----------+----------------+----------+------------------------------------------+
| Global Id | Driver Type/Pin | Driver Region (D) | Clock    | Period (ns) | Waveform (ns)  | Slice Loads | IO Loads | Clocking Loads | GT Loads | Net                                      |
+-----------+-----------------+-------------------+----------+-------------+----------------+-------------+----------+----------------+----------+------------------------------------------+
| g7        | BUFG/O          | n/a               | clk_core |      20.000 | {0.000 10.000} |          32 |        0 |              0 |        0 | swerv_eh1/swerv/ifu/bp/bht_bank_clk[1]_0 |
+-----------+-----------------+-------------------+----------+-------------+----------------+-------------+----------+----------------+----------+------------------------------------------+
* Slice Loads column represents load cell count of all cell types other than IO, GT and clock resources
** IO Loads column represents load cell count of IO types
*** Clocking Loads column represents load cell count that are clock resources (global clock buffer, MMCM, PLL, etc)
**** GT Loads column represents load cell count of GT types


+----+-----+----+
|    | X0  | X1 |
+----+-----+----+
| Y3 |   0 |  0 |
| Y2 |   0 |  0 |
| Y1 |   0 |  0 |
| Y0 |  32 |  0 |
+----+-----+----+


14. Device Cell Placement Summary for Global Clock g8
-----------------------------------------------------

+-----------+-----------------+-------------------+----------+-------------+----------------+-------------+----------+----------------+----------+------------------------------------------+
| Global Id | Driver Type/Pin | Driver Region (D) | Clock    | Period (ns) | Waveform (ns)  | Slice Loads | IO Loads | Clocking Loads | GT Loads | Net                                      |
+-----------+-----------------+-------------------+----------+-------------+----------------+-------------+----------+----------------+----------+------------------------------------------+
| g8        | BUFG/O          | n/a               | clk_core |      20.000 | {0.000 10.000} |          32 |        0 |              0 |        0 | swerv_eh1/swerv/ifu/bp/bht_bank_clk[2]_0 |
+-----------+-----------------+-------------------+----------+-------------+----------------+-------------+----------+----------------+----------+------------------------------------------+
* Slice Loads column represents load cell count of all cell types other than IO, GT and clock resources
** IO Loads column represents load cell count of IO types
*** Clocking Loads column represents load cell count that are clock resources (global clock buffer, MMCM, PLL, etc)
**** GT Loads column represents load cell count of GT types


+----+-----+----+
|    | X0  | X1 |
+----+-----+----+
| Y3 |   0 |  0 |
| Y2 |   0 |  0 |
| Y1 |   0 |  0 |
| Y0 |  32 |  0 |
+----+-----+----+


15. Device Cell Placement Summary for Global Clock g9
-----------------------------------------------------

+-----------+-----------------+-------------------+----------+-------------+----------------+-------------+----------+----------------+----------+------------------------------------------+
| Global Id | Driver Type/Pin | Driver Region (D) | Clock    | Period (ns) | Waveform (ns)  | Slice Loads | IO Loads | Clocking Loads | GT Loads | Net                                      |
+-----------+-----------------+-------------------+----------+-------------+----------------+-------------+----------+----------------+----------+------------------------------------------+
| g9        | BUFG/O          | n/a               | clk_core |      20.000 | {0.000 10.000} |          32 |        0 |              0 |        0 | swerv_eh1/swerv/ifu/bp/bht_bank_clk[3]_0 |
+-----------+-----------------+-------------------+----------+-------------+----------------+-------------+----------+----------------+----------+------------------------------------------+
* Slice Loads column represents load cell count of all cell types other than IO, GT and clock resources
** IO Loads column represents load cell count of IO types
*** Clocking Loads column represents load cell count that are clock resources (global clock buffer, MMCM, PLL, etc)
**** GT Loads column represents load cell count of GT types


+----+-----+----+
|    | X0  | X1 |
+----+-----+----+
| Y3 |   0 |  0 |
| Y2 |   0 |  0 |
| Y1 |   0 |  0 |
| Y0 |  32 |  0 |
+----+-----+----+


16. Device Cell Placement Summary for Global Clock g10
------------------------------------------------------

+-----------+-----------------+-------------------+----------+-------------+----------------+-------------+----------+----------------+----------+--------------------------------+
| Global Id | Driver Type/Pin | Driver Region (D) | Clock    | Period (ns) | Waveform (ns)  | Slice Loads | IO Loads | Clocking Loads | GT Loads | Net                            |
+-----------+-----------------+-------------------+----------+-------------+----------------+-------------+----------+----------------+----------+--------------------------------+
| g10       | BUFG/O          | n/a               | clk_core |      20.000 | {0.000 10.000} |          32 |        0 |              0 |        0 | swerv_eh1/swerv/ifu/bp/p_51_in |
+-----------+-----------------+-------------------+----------+-------------+----------------+-------------+----------+----------------+----------+--------------------------------+
* Slice Loads column represents load cell count of all cell types other than IO, GT and clock resources
** IO Loads column represents load cell count of IO types
*** Clocking Loads column represents load cell count that are clock resources (global clock buffer, MMCM, PLL, etc)
**** GT Loads column represents load cell count of GT types


+----+-----+----+
|    | X0  | X1 |
+----+-----+----+
| Y3 |   0 |  0 |
| Y2 |   0 |  0 |
| Y1 |   0 |  0 |
| Y0 |  32 |  0 |
+----+-----+----+


17. Device Cell Placement Summary for Global Clock g11
------------------------------------------------------

+-----------+-----------------+-------------------+-------------------+-------------+---------------+-------------+----------+----------------+----------+----------------------+
| Global Id | Driver Type/Pin | Driver Region (D) | Clock             | Period (ns) | Waveform (ns) | Slice Loads | IO Loads | Clocking Loads | GT Loads | Net                  |
+-----------+-----------------+-------------------+-------------------+-------------+---------------+-------------+----------+----------------+----------+----------------------+
| g11       | BUFG/O          | n/a               | soc_s7pll1_clkout |       5.000 | {0.000 2.500} |           8 |        0 |              0 |        0 | ddr2/ldc/iodelay_clk |
+-----------+-----------------+-------------------+-------------------+-------------+---------------+-------------+----------+----------------+----------+----------------------+
* Slice Loads column represents load cell count of all cell types other than IO, GT and clock resources
** IO Loads column represents load cell count of IO types
*** Clocking Loads column represents load cell count that are clock resources (global clock buffer, MMCM, PLL, etc)
**** GT Loads column represents load cell count of GT types


+----+----+----+
|    | X0 | X1 |
+----+----+----+
| Y3 |  0 |  0 |
| Y2 |  0 |  0 |
| Y1 |  0 |  8 |
| Y0 |  0 |  0 |
+----+----+----+


18. Device Cell Placement Summary for Global Clock g12
------------------------------------------------------

+-----------+-----------------+-------------------+--------------------+-------------+---------------+-------------+----------+----------------+----------+------------------------+
| Global Id | Driver Type/Pin | Driver Region (D) | Clock              | Period (ns) | Waveform (ns) | Slice Loads | IO Loads | Clocking Loads | GT Loads | Net                    |
+-----------+-----------------+-------------------+--------------------+-------------+---------------+-------------+----------+----------------+----------+------------------------+
| g12       | BUFG/O          | n/a               | soc_s7pll0_clkout2 |       5.000 | {1.250 3.750} |           0 |        2 |              0 |        0 | ddr2/ldc/sys2x_dqs_clk |
+-----------+-----------------+-------------------+--------------------+-------------+---------------+-------------+----------+----------------+----------+------------------------+
* Slice Loads column represents load cell count of all cell types other than IO, GT and clock resources
** IO Loads column represents load cell count of IO types
*** Clocking Loads column represents load cell count that are clock resources (global clock buffer, MMCM, PLL, etc)
**** GT Loads column represents load cell count of GT types


+----+----+----+
|    | X0 | X1 |
+----+----+----+
| Y3 |  0 |  0 |
| Y2 |  0 |  0 |
| Y1 |  0 |  2 |
| Y0 |  0 |  0 |
+----+----+----+


19. Device Cell Placement Summary for Global Clock g13
------------------------------------------------------

+-----------+-----------------+-------------------+--------------------+-------------+----------------+-------------+----------+----------------+----------+-------------------------------------------+
| Global Id | Driver Type/Pin | Driver Region (D) | Clock              | Period (ns) | Waveform (ns)  | Slice Loads | IO Loads | Clocking Loads | GT Loads | Net                                       |
+-----------+-----------------+-------------------+--------------------+-------------+----------------+-------------+----------+----------------+----------+-------------------------------------------+
| g13       | BUFG/O          | n/a               | clkfbout_clk_wiz_0 |      40.000 | {0.000 20.000} |           0 |        0 |              1 |        0 | clock_divider/inst/clkfbout_buf_clk_wiz_0 |
+-----------+-----------------+-------------------+--------------------+-------------+----------------+-------------+----------+----------------+----------+-------------------------------------------+
* Slice Loads column represents load cell count of all cell types other than IO, GT and clock resources
** IO Loads column represents load cell count of IO types
*** Clocking Loads column represents load cell count that are clock resources (global clock buffer, MMCM, PLL, etc)
**** GT Loads column represents load cell count of GT types


+----+----+----+
|    | X0 | X1 |
+----+----+----+
| Y3 |  0 |  0 |
| Y2 |  0 |  1 |
| Y1 |  0 |  0 |
| Y0 |  0 |  0 |
+----+----+----+


20. Clock Region Cell Placement per Global Clock: Region X0Y0
-------------------------------------------------------------

+-----------+-------+-----------------+------------+-------------+-----------------+------+--------+------+-----+----+------+-----+---------+------------------------------------------+
| Global Id | Track | Driver Type/Pin | Constraint | Clock Loads | Non-Clock Loads | FF   | LUTRAM | RAMB | DSP | GT | MMCM | PLL | Hard IP | Net                                      |
+-----------+-------+-----------------+------------+-------------+-----------------+------+--------+------+-----+----+------+-----+---------+------------------------------------------+
| g0        | n/a   | BUFG/O          | None       |        4374 |               0 | 4332 |      0 |    8 |   0 |  0 |    0 |   0 |       0 | clk_core_BUFG                            |
| g1        | n/a   | BUFG/O          | None       |          43 |               0 |   43 |      0 |    0 |   0 |  0 |    0 |   0 |       0 | ddr2/ldc/clk_0                           |
| g6        | n/a   | BUFG/O          | None       |          16 |               0 |   16 |      0 |    0 |   0 |  0 |    0 |   0 |       0 | swerv_eh1/swerv/lsu/lsu_free_c2_clk      |
| g7        | n/a   | BUFG/O          | None       |          32 |               0 |   32 |      0 |    0 |   0 |  0 |    0 |   0 |       0 | swerv_eh1/swerv/ifu/bp/bht_bank_clk[1]_0 |
| g8        | n/a   | BUFG/O          | None       |          32 |               0 |   32 |      0 |    0 |   0 |  0 |    0 |   0 |       0 | swerv_eh1/swerv/ifu/bp/bht_bank_clk[2]_0 |
| g9        | n/a   | BUFG/O          | None       |          32 |               0 |   32 |      0 |    0 |   0 |  0 |    0 |   0 |       0 | swerv_eh1/swerv/ifu/bp/bht_bank_clk[3]_0 |
| g10       | n/a   | BUFG/O          | None       |          32 |               0 |   32 |      0 |    0 |   0 |  0 |    0 |   0 |       0 | swerv_eh1/swerv/ifu/bp/p_51_in           |
+-----------+-------+-----------------+------------+-------------+-----------------+------+--------+------+-----+----+------+-----+---------+------------------------------------------+
* Clock Loads column represents the clock pin loads (pin count)
** Non-Clock Loads column represents the non-clock pin loads (pin count)
*** Columns FF, LUTRAM, RAMB through 'Hard IP' represents load cell counts


21. Clock Region Cell Placement per Global Clock: Region X1Y0
-------------------------------------------------------------

+-----------+-------+-----------------+------------+-------------+-----------------+------+--------+------+-----+----+------+-----+---------+-----------------------------------------+
| Global Id | Track | Driver Type/Pin | Constraint | Clock Loads | Non-Clock Loads | FF   | LUTRAM | RAMB | DSP | GT | MMCM | PLL | Hard IP | Net                                     |
+-----------+-------+-----------------+------------+-------------+-----------------+------+--------+------+-----+----+------+-----+---------+-----------------------------------------+
| g0        | n/a   | BUFG/O          | None       |        1587 |               0 | 1587 |      0 |    0 |   0 |  0 |    0 |   0 |       0 | clk_core_BUFG                           |
| g1        | n/a   | BUFG/O          | None       |        2170 |               0 | 2154 |      3 |   11 |   0 |  0 |    0 |   0 |       0 | ddr2/ldc/clk_0                          |
| g3        | n/a   | BUFG/O          | None       |          78 |               0 |   78 |      0 |    0 |   0 |  0 |    0 |   0 |       0 | dtmcs_tck                               |
| g4        | n/a   | BUFG/O          | None       |           8 |               0 |    8 |      0 |    0 |   0 |  0 |    0 |   0 |       0 | swerv_eh1/swerv/lsu/lsu_dccm_c1_dc3_clk |
+-----------+-------+-----------------+------------+-------------+-----------------+------+--------+------+-----+----+------+-----+---------+-----------------------------------------+
* Clock Loads column represents the clock pin loads (pin count)
** Non-Clock Loads column represents the non-clock pin loads (pin count)
*** Columns FF, LUTRAM, RAMB through 'Hard IP' represents load cell counts


22. Clock Region Cell Placement per Global Clock: Region X0Y1
-------------------------------------------------------------

+-----------+-------+-----------------+------------+-------------+-----------------+------+--------+------+-----+----+------+-----+---------+-----------------------------------------+
| Global Id | Track | Driver Type/Pin | Constraint | Clock Loads | Non-Clock Loads | FF   | LUTRAM | RAMB | DSP | GT | MMCM | PLL | Hard IP | Net                                     |
+-----------+-------+-----------------+------------+-------------+-----------------+------+--------+------+-----+----+------+-----+---------+-----------------------------------------+
| g0        | n/a   | BUFG/O          | None       |        4503 |               0 | 4480 |      0 |    0 |   0 |  0 |    0 |   0 |       0 | clk_core_BUFG                           |
| g1        | n/a   | BUFG/O          | None       |           1 |               0 |    0 |      0 |    0 |   0 |  0 |    0 |   1 |       0 | ddr2/ldc/clk_0                          |
| g4        | n/a   | BUFG/O          | None       |           9 |               0 |    9 |      0 |    0 |   0 |  0 |    0 |   0 |       0 | swerv_eh1/swerv/lsu/lsu_dccm_c1_dc3_clk |
| g6        | n/a   | BUFG/O          | None       |           4 |               0 |    4 |      0 |    0 |   0 |  0 |    0 |   0 |       0 | swerv_eh1/swerv/lsu/lsu_free_c2_clk     |
+-----------+-------+-----------------+------------+-------------+-----------------+------+--------+------+-----+----+------+-----+---------+-----------------------------------------+
* Clock Loads column represents the clock pin loads (pin count)
** Non-Clock Loads column represents the non-clock pin loads (pin count)
*** Columns FF, LUTRAM, RAMB through 'Hard IP' represents load cell counts


23. Clock Region Cell Placement per Global Clock: Region X1Y1
-------------------------------------------------------------

+-----------+-------+-----------------+------------+-------------+-----------------+------+--------+------+-----+----+------+-----+---------+-----------------------------------------+
| Global Id | Track | Driver Type/Pin | Constraint | Clock Loads | Non-Clock Loads | FF   | LUTRAM | RAMB | DSP | GT | MMCM | PLL | Hard IP | Net                                     |
+-----------+-------+-----------------+------------+-------------+-----------------+------+--------+------+-----+----+------+-----+---------+-----------------------------------------+
| g0        | n/a   | BUFG/O          | None       |        2495 |               0 | 2495 |      0 |    0 |   0 |  0 |    0 |   0 |       0 | clk_core_BUFG                           |
| g1        | n/a   | BUFG/O          | None       |         380 |               0 |  305 |      0 |    0 |   0 |  0 |    0 |   0 |       0 | ddr2/ldc/clk_0                          |
| g3        | n/a   | BUFG/O          | None       |           4 |               0 |    4 |      0 |    0 |   0 |  0 |    0 |   0 |       0 | dtmcs_tck                               |
| g4        | n/a   | BUFG/O          | None       |          61 |               0 |   61 |      0 |    0 |   0 |  0 |    0 |   0 |       0 | swerv_eh1/swerv/lsu/lsu_dccm_c1_dc3_clk |
| g5        | n/a   | BUFG/O          | None       |          57 |               0 |    0 |      0 |    0 |   0 |  0 |    0 |   0 |       0 | ddr2/ldc/clk_1                          |
| g6        | n/a   | BUFG/O          | None       |          39 |               0 |   39 |      0 |    0 |   0 |  0 |    0 |   0 |       0 | swerv_eh1/swerv/lsu/lsu_free_c2_clk     |
| g11       | n/a   | BUFG/O          | None       |           8 |               0 |    7 |      0 |    0 |   0 |  0 |    0 |   0 |       0 | ddr2/ldc/iodelay_clk                    |
| g12       | n/a   | BUFG/O          | None       |           2 |               0 |    0 |      0 |    0 |   0 |  0 |    0 |   0 |       0 | ddr2/ldc/sys2x_dqs_clk                  |
+-----------+-------+-----------------+------------+-------------+-----------------+------+--------+------+-----+----+------+-----+---------+-----------------------------------------+
* Clock Loads column represents the clock pin loads (pin count)
** Non-Clock Loads column represents the non-clock pin loads (pin count)
*** Columns FF, LUTRAM, RAMB through 'Hard IP' represents load cell counts


24. Clock Region Cell Placement per Global Clock: Region X0Y2
-------------------------------------------------------------

+-----------+-------+-----------------+------------+-------------+-----------------+------+--------+------+-----+----+------+-----+---------+---------------------------+
| Global Id | Track | Driver Type/Pin | Constraint | Clock Loads | Non-Clock Loads | FF   | LUTRAM | RAMB | DSP | GT | MMCM | PLL | Hard IP | Net                       |
+-----------+-------+-----------------+------------+-------------+-----------------+------+--------+------+-----+----+------+-----+---------+---------------------------+
| g0        | n/a   | BUFG/O          | None       |        1082 |               0 | 1082 |      0 |    0 |   0 |  0 |    0 |   0 |       0 | clk_core_BUFG             |
| g2        | n/a   | BUFG/O          | None       |          34 |               0 |   34 |      0 |    0 |   0 |  0 |    0 |   0 |       0 | clock_divider/inst/clk_75 |
+-----------+-------+-----------------+------------+-------------+-----------------+------+--------+------+-----+----+------+-----+---------+---------------------------+
* Clock Loads column represents the clock pin loads (pin count)
** Non-Clock Loads column represents the non-clock pin loads (pin count)
*** Columns FF, LUTRAM, RAMB through 'Hard IP' represents load cell counts


25. Clock Region Cell Placement per Global Clock: Region X1Y2
-------------------------------------------------------------

+-----------+-------+-----------------+------------+-------------+-----------------+------+--------+------+-----+----+------+-----+---------+-------------------------------------------+
| Global Id | Track | Driver Type/Pin | Constraint | Clock Loads | Non-Clock Loads | FF   | LUTRAM | RAMB | DSP | GT | MMCM | PLL | Hard IP | Net                                       |
+-----------+-------+-----------------+------------+-------------+-----------------+------+--------+------+-----+----+------+-----+---------+-------------------------------------------+
| g0        | n/a   | BUFG/O          | None       |        1888 |               0 | 1887 |      0 |    1 |   0 |  0 |    0 |   0 |       0 | clk_core_BUFG                             |
| g2        | n/a   | BUFG/O          | None       |         280 |               0 |  254 |      0 |   22 |   3 |  0 |    0 |   0 |       0 | clock_divider/inst/clk_75                 |
| g13       | n/a   | BUFG/O          | None       |           1 |               0 |    0 |      0 |    0 |   0 |  0 |    1 |   0 |       0 | clock_divider/inst/clkfbout_buf_clk_wiz_0 |
+-----------+-------+-----------------+------------+-------------+-----------------+------+--------+------+-----+----+------+-----+---------+-------------------------------------------+
* Clock Loads column represents the clock pin loads (pin count)
** Non-Clock Loads column represents the non-clock pin loads (pin count)
*** Columns FF, LUTRAM, RAMB through 'Hard IP' represents load cell counts


26. Clock Region Cell Placement per Global Clock: Region X1Y3
-------------------------------------------------------------

+-----------+-------+-----------------+------------+-------------+-----------------+----+--------+------+-----+----+------+-----+---------+---------------------------+
| Global Id | Track | Driver Type/Pin | Constraint | Clock Loads | Non-Clock Loads | FF | LUTRAM | RAMB | DSP | GT | MMCM | PLL | Hard IP | Net                       |
+-----------+-------+-----------------+------------+-------------+-----------------+----+--------+------+-----+----+------+-----+---------+---------------------------+
| g2        | n/a   | BUFG/O          | None       |           5 |               0 |  0 |      0 |    5 |   0 |  0 |    0 |   0 |       0 | clock_divider/inst/clk_75 |
+-----------+-------+-----------------+------------+-------------+-----------------+----+--------+------+-----+----+------+-----+---------+---------------------------+
* Clock Loads column represents the clock pin loads (pin count)
** Non-Clock Loads column represents the non-clock pin loads (pin count)
*** Columns FF, LUTRAM, RAMB through 'Hard IP' represents load cell counts



# Location of BUFG Primitives 
set_property LOC BUFGCTRL_X0Y6 [get_cells dout_reg[31]_i_2__3]
set_property LOC BUFGCTRL_X0Y5 [get_cells dout_reg[31]_i_2__2]
set_property LOC BUFGCTRL_X0Y10 [get_cells dout_reg[1]_i_2__4]
set_property LOC BUFGCTRL_X0Y9 [get_cells dout_reg[1]_i_2__3]
set_property LOC BUFGCTRL_X0Y8 [get_cells dout_reg[1]_i_2__2]
set_property LOC BUFGCTRL_X0Y7 [get_cells dout_reg[1]_i_2__1]
set_property LOC BUFGCTRL_X0Y4 [get_cells dtmcs_reg[33]_i_3]
set_property LOC BUFGCTRL_X0Y2 [get_cells ddr2/ldc/BUFG_2]
set_property LOC BUFGCTRL_X0Y16 [get_cells ddr2/ldc/BUFG_3]
set_property LOC BUFGCTRL_X0Y1 [get_cells ddr2/ldc/BUFG_1]
set_property LOC BUFGCTRL_X0Y0 [get_cells ddr2/ldc/BUFG]
set_property LOC BUFGCTRL_X0Y18 [get_cells clock_divider/inst/clkf_buf]
set_property LOC BUFGCTRL_X0Y17 [get_cells clock_divider/inst/clkout1_buf]
set_property LOC BUFGCTRL_X0Y3 [get_cells clk_core_BUFG_inst]

# Location of IO Primitives which is load of clock spine

# Location of clock ports
set_property LOC IOB_X1Y126 [get_ports clk]

# Clock net "swerv_eh1/swerv/lsu/lsu_free_c2_clk" driven by instance "dout_reg[31]_i_2__3" located at site "BUFGCTRL_X0Y6"
#startgroup
create_pblock {CLKAG_swerv_eh1/swerv/lsu/lsu_free_c2_clk}
add_cells_to_pblock [get_pblocks  {CLKAG_swerv_eh1/swerv/lsu/lsu_free_c2_clk}] [get_cells -filter { PRIMITIVE_GROUP != I/O && IS_PRIMITIVE==1 && PRIMITIVE_LEVEL !=INTERNAL } -of_object [get_pins -filter {DIRECTION==IN} -of_objects [get_nets -hierarchical -filter {PARENT=="swerv_eh1/swerv/lsu/lsu_free_c2_clk"}]]]
resize_pblock [get_pblocks {CLKAG_swerv_eh1/swerv/lsu/lsu_free_c2_clk}] -add {CLOCKREGION_X0Y0:CLOCKREGION_X0Y0 CLOCKREGION_X0Y1:CLOCKREGION_X0Y1 CLOCKREGION_X1Y1:CLOCKREGION_X1Y1}
#endgroup

# Clock net "swerv_eh1/swerv/lsu/lsu_dccm_c1_dc3_clk" driven by instance "dout_reg[31]_i_2__2" located at site "BUFGCTRL_X0Y5"
#startgroup
create_pblock {CLKAG_swerv_eh1/swerv/lsu/lsu_dccm_c1_dc3_clk}
add_cells_to_pblock [get_pblocks  {CLKAG_swerv_eh1/swerv/lsu/lsu_dccm_c1_dc3_clk}] [get_cells -filter { PRIMITIVE_GROUP != I/O && IS_PRIMITIVE==1 && PRIMITIVE_LEVEL !=INTERNAL } -of_object [get_pins -filter {DIRECTION==IN} -of_objects [get_nets -hierarchical -filter {PARENT=="swerv_eh1/swerv/lsu/lsu_dccm_c1_dc3_clk"}]]]
resize_pblock [get_pblocks {CLKAG_swerv_eh1/swerv/lsu/lsu_dccm_c1_dc3_clk}] -add {CLOCKREGION_X0Y1:CLOCKREGION_X0Y1 CLOCKREGION_X1Y0:CLOCKREGION_X1Y0 CLOCKREGION_X1Y1:CLOCKREGION_X1Y1}
#endgroup

# Clock net "swerv_eh1/swerv/ifu/bp/p_51_in" driven by instance "dout_reg[1]_i_2__4" located at site "BUFGCTRL_X0Y10"
#startgroup
create_pblock {CLKAG_swerv_eh1/swerv/ifu/bp/p_51_in}
add_cells_to_pblock [get_pblocks  {CLKAG_swerv_eh1/swerv/ifu/bp/p_51_in}] [get_cells -filter { PRIMITIVE_GROUP != I/O && IS_PRIMITIVE==1 && PRIMITIVE_LEVEL !=INTERNAL } -of_object [get_pins -filter {DIRECTION==IN} -of_objects [get_nets -hierarchical -filter {PARENT=="swerv_eh1/swerv/ifu/bp/p_51_in"}]]]
resize_pblock [get_pblocks {CLKAG_swerv_eh1/swerv/ifu/bp/p_51_in}] -add {CLOCKREGION_X0Y0:CLOCKREGION_X0Y0}
#endgroup

# Clock net "swerv_eh1/swerv/ifu/bp/bht_bank_clk[3]_0" driven by instance "dout_reg[1]_i_2__3" located at site "BUFGCTRL_X0Y9"
#startgroup
create_pblock {CLKAG_swerv_eh1/swerv/ifu/bp/bht_bank_clk[3]_0}
add_cells_to_pblock [get_pblocks  {CLKAG_swerv_eh1/swerv/ifu/bp/bht_bank_clk[3]_0}] [get_cells -filter { PRIMITIVE_GROUP != I/O && IS_PRIMITIVE==1 && PRIMITIVE_LEVEL !=INTERNAL } -of_object [get_pins -filter {DIRECTION==IN} -of_objects [get_nets -hierarchical -filter {PARENT=="swerv_eh1/swerv/ifu/bp/bht_bank_clk[3]_0"}]]]
resize_pblock [get_pblocks {CLKAG_swerv_eh1/swerv/ifu/bp/bht_bank_clk[3]_0}] -add {CLOCKREGION_X0Y0:CLOCKREGION_X0Y0}
#endgroup

# Clock net "swerv_eh1/swerv/ifu/bp/bht_bank_clk[2]_0" driven by instance "dout_reg[1]_i_2__2" located at site "BUFGCTRL_X0Y8"
#startgroup
create_pblock {CLKAG_swerv_eh1/swerv/ifu/bp/bht_bank_clk[2]_0}
add_cells_to_pblock [get_pblocks  {CLKAG_swerv_eh1/swerv/ifu/bp/bht_bank_clk[2]_0}] [get_cells -filter { PRIMITIVE_GROUP != I/O && IS_PRIMITIVE==1 && PRIMITIVE_LEVEL !=INTERNAL } -of_object [get_pins -filter {DIRECTION==IN} -of_objects [get_nets -hierarchical -filter {PARENT=="swerv_eh1/swerv/ifu/bp/bht_bank_clk[2]_0"}]]]
resize_pblock [get_pblocks {CLKAG_swerv_eh1/swerv/ifu/bp/bht_bank_clk[2]_0}] -add {CLOCKREGION_X0Y0:CLOCKREGION_X0Y0}
#endgroup

# Clock net "swerv_eh1/swerv/ifu/bp/bht_bank_clk[1]_0" driven by instance "dout_reg[1]_i_2__1" located at site "BUFGCTRL_X0Y7"
#startgroup
create_pblock {CLKAG_swerv_eh1/swerv/ifu/bp/bht_bank_clk[1]_0}
add_cells_to_pblock [get_pblocks  {CLKAG_swerv_eh1/swerv/ifu/bp/bht_bank_clk[1]_0}] [get_cells -filter { PRIMITIVE_GROUP != I/O && IS_PRIMITIVE==1 && PRIMITIVE_LEVEL !=INTERNAL } -of_object [get_pins -filter {DIRECTION==IN} -of_objects [get_nets -hierarchical -filter {PARENT=="swerv_eh1/swerv/ifu/bp/bht_bank_clk[1]_0"}]]]
resize_pblock [get_pblocks {CLKAG_swerv_eh1/swerv/ifu/bp/bht_bank_clk[1]_0}] -add {CLOCKREGION_X0Y0:CLOCKREGION_X0Y0}
#endgroup

# Clock net "dtmcs_tck" driven by instance "dtmcs_reg[33]_i_3" located at site "BUFGCTRL_X0Y4"
#startgroup
create_pblock {CLKAG_dtmcs_tck}
add_cells_to_pblock [get_pblocks  {CLKAG_dtmcs_tck}] [get_cells -filter { PRIMITIVE_GROUP != I/O && IS_PRIMITIVE==1 && PRIMITIVE_LEVEL !=INTERNAL } -of_object [get_pins -filter {DIRECTION==IN} -of_objects [get_nets -hierarchical -filter {PARENT=="dtmcs_tck"}]]]
resize_pblock [get_pblocks {CLKAG_dtmcs_tck}] -add {CLOCKREGION_X1Y0:CLOCKREGION_X1Y0 CLOCKREGION_X1Y1:CLOCKREGION_X1Y1}
#endgroup

# Clock net "ddr2/ldc/sys2x_dqs_clk" driven by instance "ddr2/ldc/BUFG_2" located at site "BUFGCTRL_X0Y2"
#startgroup
create_pblock {CLKAG_ddr2/ldc/sys2x_dqs_clk}
add_cells_to_pblock [get_pblocks  {CLKAG_ddr2/ldc/sys2x_dqs_clk}] [get_cells -filter { PRIMITIVE_GROUP != I/O && IS_PRIMITIVE==1 && PRIMITIVE_LEVEL !=INTERNAL } -of_object [get_pins -filter {DIRECTION==IN} -of_objects [get_nets -hierarchical -filter {PARENT=="ddr2/ldc/sys2x_dqs_clk"}]]]
resize_pblock [get_pblocks {CLKAG_ddr2/ldc/sys2x_dqs_clk}] -add {CLOCKREGION_X1Y1:CLOCKREGION_X1Y1}
#endgroup

# Clock net "ddr2/ldc/iodelay_clk" driven by instance "ddr2/ldc/BUFG_3" located at site "BUFGCTRL_X0Y16"
#startgroup
create_pblock {CLKAG_ddr2/ldc/iodelay_clk}
add_cells_to_pblock [get_pblocks  {CLKAG_ddr2/ldc/iodelay_clk}] [get_cells -filter { PRIMITIVE_GROUP != I/O && IS_PRIMITIVE==1 && PRIMITIVE_LEVEL !=INTERNAL } -of_object [get_pins -filter {DIRECTION==IN} -of_objects [get_nets -hierarchical -filter {PARENT=="ddr2/ldc/iodelay_clk"}]]]
resize_pblock [get_pblocks {CLKAG_ddr2/ldc/iodelay_clk}] -add {CLOCKREGION_X1Y1:CLOCKREGION_X1Y1}
#endgroup

# Clock net "ddr2/ldc/clk_1" driven by instance "ddr2/ldc/BUFG_1" located at site "BUFGCTRL_X0Y1"
#startgroup
create_pblock {CLKAG_ddr2/ldc/clk_1}
add_cells_to_pblock [get_pblocks  {CLKAG_ddr2/ldc/clk_1}] [get_cells -filter { PRIMITIVE_GROUP != I/O && IS_PRIMITIVE==1 && PRIMITIVE_LEVEL !=INTERNAL } -of_object [get_pins -filter {DIRECTION==IN} -of_objects [get_nets -hierarchical -filter {PARENT=="ddr2/ldc/clk_1"}]]]
resize_pblock [get_pblocks {CLKAG_ddr2/ldc/clk_1}] -add {CLOCKREGION_X1Y1:CLOCKREGION_X1Y1}
#endgroup

# Clock net "ddr2/ldc/clk_0" driven by instance "ddr2/ldc/BUFG" located at site "BUFGCTRL_X0Y0"
#startgroup
create_pblock {CLKAG_ddr2/ldc/clk_0}
add_cells_to_pblock [get_pblocks  {CLKAG_ddr2/ldc/clk_0}] [get_cells -filter { PRIMITIVE_GROUP != I/O && IS_PRIMITIVE==1 && PRIMITIVE_LEVEL !=INTERNAL && NAME!=clk_gen/PLLE2_BASE_inst} -of_object [get_pins -filter {DIRECTION==IN} -of_objects [get_nets -hierarchical -filter {PARENT=="ddr2/ldc/clk_0"}]]]
resize_pblock [get_pblocks {CLKAG_ddr2/ldc/clk_0}] -add {CLOCKREGION_X0Y0:CLOCKREGION_X0Y0 CLOCKREGION_X1Y0:CLOCKREGION_X1Y0 CLOCKREGION_X1Y1:CLOCKREGION_X1Y1}
#endgroup

# Clock net "clock_divider/inst/clk_75" driven by instance "clock_divider/inst/clkout1_buf" located at site "BUFGCTRL_X0Y17"
#startgroup
create_pblock {CLKAG_clock_divider/inst/clk_75}
add_cells_to_pblock [get_pblocks  {CLKAG_clock_divider/inst/clk_75}] [get_cells -filter { PRIMITIVE_GROUP != I/O && IS_PRIMITIVE==1 && PRIMITIVE_LEVEL !=INTERNAL } -of_object [get_pins -filter {DIRECTION==IN} -of_objects [get_nets -hierarchical -filter {PARENT=="clock_divider/inst/clk_75"}]]]
resize_pblock [get_pblocks {CLKAG_clock_divider/inst/clk_75}] -add {CLOCKREGION_X0Y2:CLOCKREGION_X0Y2 CLOCKREGION_X1Y2:CLOCKREGION_X1Y2 CLOCKREGION_X1Y3:CLOCKREGION_X1Y3}
#endgroup

# Clock net "clk_core_BUFG" driven by instance "clk_core_BUFG_inst" located at site "BUFGCTRL_X0Y3"
#startgroup
create_pblock {CLKAG_clk_core_BUFG}
add_cells_to_pblock [get_pblocks  {CLKAG_clk_core_BUFG}] [get_cells -filter { PRIMITIVE_GROUP != I/O && IS_PRIMITIVE==1 && PRIMITIVE_LEVEL !=INTERNAL } -of_object [get_pins -filter {DIRECTION==IN} -of_objects [get_nets -hierarchical -filter {PARENT=="clk_core_BUFG"}]]]
resize_pblock [get_pblocks {CLKAG_clk_core_BUFG}] -add {CLOCKREGION_X0Y0:CLOCKREGION_X0Y0 CLOCKREGION_X0Y1:CLOCKREGION_X0Y1 CLOCKREGION_X0Y2:CLOCKREGION_X0Y2 CLOCKREGION_X1Y0:CLOCKREGION_X1Y0 CLOCKREGION_X1Y1:CLOCKREGION_X1Y1 CLOCKREGION_X1Y2:CLOCKREGION_X1Y2}
#endgroup
